// Jest Snapshot v1, https://goo.gl/fbAQLP

exports[`renders without crashing 1`] = `
<div
  className={undefined}
>
  <header
    className={undefined}
  >
    <img
      alt="logo"
      className={undefined}
      src="logo.svg"
    />
    <h1
      className={undefined}
    >
      Hello React World
    </h1>
  </header>
  <main>
    This project accepts arrow function in classes
    <div>
      <p>
        It
        '
        s an example of React component. You can navigate to  
        <a
          href="/counter"
          onClick={[Function]}
        >
          Counter
        </a>
          to see another page.
      </p>
    </div>
  </main>
</div>
`;
