// Jest Snapshot v1, https://goo.gl/fbAQLP

exports[`renders without crashing 1`] = `
<div
  className={undefined}
>
  <main>
    <div
      className={undefined}
    >
      <div
        className={undefined}
      >
        <div
          className={undefined}
        >
          <img
            alt="logo safe leads"
            className={undefined}
            src="logo.png"
          />
          <form
            className={undefined}
          >
            <div
              className={undefined}
            >
              <div
                className={undefined}
              >
                <span
                  className="material-icons"
                  onMouseEnter={[Function]}
                  onMouseLeave={[Function]}
                  style={
                    Object {
                      "MozTransition": "all 450ms cubic-bezier(0.23, 1, 0.32, 1) 0ms",
                      "MozUserSelect": "none",
                      "WebkitTransition": "all 450ms cubic-bezier(0.23, 1, 0.32, 1) 0ms",
                      "WebkitUserSelect": "none",
                      "color": "rgba(0, 0, 0, 0.87)",
                      "display": "inline-block",
                      "fontSize": 24,
                      "msUserSelect": "none",
                      "muiPrepared": true,
                      "position": "relative",
                      "transition": "all 450ms cubic-bezier(0.23, 1, 0.32, 1) 0ms",
                      "userSelect": "none",
                    }
                  }
                >
                  person_outline
                </span>
              </div>
              <div
                className={undefined}
                style={
                  Object {
                    "MozTransition": "height 200ms cubic-bezier(0.23, 1, 0.32, 1) 0ms",
                    "WebkitTransition": "height 200ms cubic-bezier(0.23, 1, 0.32, 1) 0ms",
                    "backgroundColor": "transparent",
                    "cursor": "auto",
                    "display": "inline-block",
                    "fontFamily": "Roboto, sans-serif",
                    "fontSize": 16,
                    "height": 72,
                    "lineHeight": "24px",
                    "muiPrepared": true,
                    "position": "relative",
                    "transition": "height 200ms cubic-bezier(0.23, 1, 0.32, 1) 0ms",
                    "width": 256,
                  }
                }
              >
                <label
                  className={undefined}
                  htmlFor="undefined-Digiteseulogin-Usurio-35002"
                  onClick={undefined}
                  style={
                    Object {
                      "MozTransition": "all 450ms cubic-bezier(0.23, 1, 0.32, 1) 0ms",
                      "MozUserSelect": "none",
                      "WebkitTransform": "scale(1) translate(0, 0)",
                      "WebkitTransformOrigin": "left top",
                      "WebkitTransition": "all 450ms cubic-bezier(0.23, 1, 0.32, 1) 0ms",
                      "WebkitUserSelect": "none",
                      "color": "rgba(0, 0, 0, 0.3)",
                      "lineHeight": "22px",
                      "msTransform": "scale(1) translate(0, 0)",
                      "msTransformOrigin": "left top",
                      "msUserSelect": "none",
                      "muiPrepared": true,
                      "pointerEvents": "none",
                      "position": "absolute",
                      "top": 38,
                      "transform": "scale(1) translate(0, 0)",
                      "transformOrigin": "left top",
                      "transition": "all 450ms cubic-bezier(0.23, 1, 0.32, 1) 0ms",
                      "userSelect": "none",
                      "zIndex": 1,
                    }
                  }
                >
                  Usuário
                </label>
                <div
                  style={
                    Object {
                      "MozTransition": "all 450ms cubic-bezier(0.23, 1, 0.32, 1) 0ms",
                      "WebkitTransition": "all 450ms cubic-bezier(0.23, 1, 0.32, 1) 0ms",
                      "bottom": 12,
                      "color": "rgba(0, 0, 0, 0.3)",
                      "muiPrepared": true,
                      "opacity": 0,
                      "position": "absolute",
                      "transition": "all 450ms cubic-bezier(0.23, 1, 0.32, 1) 0ms",
                    }
                  }
                >
                  Digite seu login
                </div>
                <input
                  disabled={false}
                  id="undefined-Digiteseulogin-Usurio-35002"
                  onBlur={[Function]}
                  onChange={[Function]}
                  onFocus={[Function]}
                  style={
                    Object {
                      "MozAppearance": "textfield",
                      "MozBoxSizing": "border-box",
                      "WebkitAppearance": "textfield",
                      "WebkitOpacity": 1,
                      "WebkitTapHighlightColor": "rgba(0,0,0,0)",
                      "appearance": "textfield",
                      "backgroundColor": "rgba(0,0,0,0)",
                      "border": "none",
                      "boxSizing": "border-box",
                      "color": "rgba(0, 0, 0, 0.87)",
                      "cursor": "inherit",
                      "font": "inherit",
                      "height": "100%",
                      "marginTop": 14,
                      "muiPrepared": true,
                      "outline": "none",
                      "padding": 0,
                      "position": "relative",
                      "width": "100%",
                    }
                  }
                  type="text"
                />
                <div>
                  <hr
                    aria-hidden="true"
                    style={
                      Object {
                        "MozBoxSizing": "content-box",
                        "borderBottomStyle": "solid",
                        "borderBottomWidth": 1,
                        "borderColor": "#e0e0e0",
                        "borderLeft": "none",
                        "borderRight": "none",
                        "borderTop": "none",
                        "bottom": 8,
                        "boxSizing": "content-box",
                        "margin": 0,
                        "muiPrepared": true,
                        "position": "absolute",
                        "width": "100%",
                      }
                    }
                  />
                  <hr
                    aria-hidden="true"
                    style={
                      Object {
                        "MozBoxSizing": "content-box",
                        "MozTransition": "all 450ms cubic-bezier(0.23, 1, 0.32, 1) 0ms",
                        "WebkitTransform": "scaleX(0)",
                        "WebkitTransition": "all 450ms cubic-bezier(0.23, 1, 0.32, 1) 0ms",
                        "borderBottomStyle": "solid",
                        "borderBottomWidth": 2,
                        "borderColor": "#00bcd4",
                        "borderLeft": "none",
                        "borderRight": "none",
                        "borderTop": "none",
                        "bottom": 8,
                        "boxSizing": "content-box",
                        "margin": 0,
                        "msTransform": "scaleX(0)",
                        "muiPrepared": true,
                        "position": "absolute",
                        "transform": "scaleX(0)",
                        "transition": "all 450ms cubic-bezier(0.23, 1, 0.32, 1) 0ms",
                        "width": "100%",
                      }
                    }
                  />
                </div>
              </div>
              <br />
              <div
                className={undefined}
              >
                <span
                  className="material-icons"
                  onMouseEnter={[Function]}
                  onMouseLeave={[Function]}
                  style={
                    Object {
                      "MozTransition": "all 450ms cubic-bezier(0.23, 1, 0.32, 1) 0ms",
                      "MozUserSelect": "none",
                      "WebkitTransition": "all 450ms cubic-bezier(0.23, 1, 0.32, 1) 0ms",
                      "WebkitUserSelect": "none",
                      "color": "rgba(0, 0, 0, 0.87)",
                      "display": "inline-block",
                      "fontSize": 24,
                      "msUserSelect": "none",
                      "muiPrepared": true,
                      "position": "relative",
                      "transition": "all 450ms cubic-bezier(0.23, 1, 0.32, 1) 0ms",
                      "userSelect": "none",
                    }
                  }
                >
                  lock_outline
                </span>
              </div>
              <div
                className={undefined}
                style={
                  Object {
                    "MozTransition": "height 200ms cubic-bezier(0.23, 1, 0.32, 1) 0ms",
                    "WebkitTransition": "height 200ms cubic-bezier(0.23, 1, 0.32, 1) 0ms",
                    "backgroundColor": "transparent",
                    "cursor": "auto",
                    "display": "inline-block",
                    "fontFamily": "Roboto, sans-serif",
                    "fontSize": 16,
                    "height": 72,
                    "lineHeight": "24px",
                    "muiPrepared": true,
                    "position": "relative",
                    "transition": "height 200ms cubic-bezier(0.23, 1, 0.32, 1) 0ms",
                    "width": 256,
                  }
                }
              >
                <label
                  className={undefined}
                  htmlFor="undefined-Digitesuasenha-Senha-57197"
                  onClick={undefined}
                  style={
                    Object {
                      "MozTransition": "all 450ms cubic-bezier(0.23, 1, 0.32, 1) 0ms",
                      "MozUserSelect": "none",
                      "WebkitTransform": "scale(1) translate(0, 0)",
                      "WebkitTransformOrigin": "left top",
                      "WebkitTransition": "all 450ms cubic-bezier(0.23, 1, 0.32, 1) 0ms",
                      "WebkitUserSelect": "none",
                      "color": "rgba(0, 0, 0, 0.3)",
                      "lineHeight": "22px",
                      "msTransform": "scale(1) translate(0, 0)",
                      "msTransformOrigin": "left top",
                      "msUserSelect": "none",
                      "muiPrepared": true,
                      "pointerEvents": "none",
                      "position": "absolute",
                      "top": 38,
                      "transform": "scale(1) translate(0, 0)",
                      "transformOrigin": "left top",
                      "transition": "all 450ms cubic-bezier(0.23, 1, 0.32, 1) 0ms",
                      "userSelect": "none",
                      "zIndex": 1,
                    }
                  }
                >
                  Senha
                </label>
                <div
                  style={
                    Object {
                      "MozTransition": "all 450ms cubic-bezier(0.23, 1, 0.32, 1) 0ms",
                      "WebkitTransition": "all 450ms cubic-bezier(0.23, 1, 0.32, 1) 0ms",
                      "bottom": 12,
                      "color": "rgba(0, 0, 0, 0.3)",
                      "muiPrepared": true,
                      "opacity": 0,
                      "position": "absolute",
                      "transition": "all 450ms cubic-bezier(0.23, 1, 0.32, 1) 0ms",
                    }
                  }
                >
                  Digite sua senha
                </div>
                <input
                  disabled={false}
                  id="undefined-Digitesuasenha-Senha-57197"
                  onBlur={[Function]}
                  onChange={[Function]}
                  onFocus={[Function]}
                  style={
                    Object {
                      "MozAppearance": "textfield",
                      "MozBoxSizing": "border-box",
                      "WebkitAppearance": "textfield",
                      "WebkitOpacity": 1,
                      "WebkitTapHighlightColor": "rgba(0,0,0,0)",
                      "appearance": "textfield",
                      "backgroundColor": "rgba(0,0,0,0)",
                      "border": "none",
                      "boxSizing": "border-box",
                      "color": "rgba(0, 0, 0, 0.87)",
                      "cursor": "inherit",
                      "font": "inherit",
                      "height": "100%",
                      "marginTop": 14,
                      "muiPrepared": true,
                      "outline": "none",
                      "padding": 0,
                      "position": "relative",
                      "width": "100%",
                    }
                  }
                  type="password"
                />
                <div>
                  <hr
                    aria-hidden="true"
                    style={
                      Object {
                        "MozBoxSizing": "content-box",
                        "borderBottomStyle": "solid",
                        "borderBottomWidth": 1,
                        "borderColor": "#e0e0e0",
                        "borderLeft": "none",
                        "borderRight": "none",
                        "borderTop": "none",
                        "bottom": 8,
                        "boxSizing": "content-box",
                        "margin": 0,
                        "muiPrepared": true,
                        "position": "absolute",
                        "width": "100%",
                      }
                    }
                  />
                  <hr
                    aria-hidden="true"
                    style={
                      Object {
                        "MozBoxSizing": "content-box",
                        "MozTransition": "all 450ms cubic-bezier(0.23, 1, 0.32, 1) 0ms",
                        "WebkitTransform": "scaleX(0)",
                        "WebkitTransition": "all 450ms cubic-bezier(0.23, 1, 0.32, 1) 0ms",
                        "borderBottomStyle": "solid",
                        "borderBottomWidth": 2,
                        "borderColor": "#00bcd4",
                        "borderLeft": "none",
                        "borderRight": "none",
                        "borderTop": "none",
                        "bottom": 8,
                        "boxSizing": "content-box",
                        "margin": 0,
                        "msTransform": "scaleX(0)",
                        "muiPrepared": true,
                        "position": "absolute",
                        "transform": "scaleX(0)",
                        "transition": "all 450ms cubic-bezier(0.23, 1, 0.32, 1) 0ms",
                        "width": "100%",
                      }
                    }
                  />
                </div>
              </div>
            </div>
            <div
              className={undefined}
            >
              <button
                disabled={false}
                onBlur={[Function]}
                onClick={[Function]}
                onFocus={[Function]}
                onKeyDown={[Function]}
                onKeyUp={[Function]}
                onMouseEnter={[Function]}
                onMouseLeave={[Function]}
                onTouchStart={[Function]}
                style={
                  Object {
                    "MozBoxSizing": "border-box",
                    "MozTransition": "all 450ms cubic-bezier(0.23, 1, 0.32, 1) 0ms",
                    "MozUserSelect": "none",
                    "WebkitTapHighlightColor": "rgba(0, 0, 0, 0)",
                    "WebkitTransition": "all 450ms cubic-bezier(0.23, 1, 0.32, 1) 0ms",
                    "WebkitUserSelect": "none",
                    "backgroundColor": "#9202d3",
                    "border": 10,
                    "borderRadius": 2,
                    "boxSizing": "border-box",
                    "color": "rgba(0, 0, 0, 0.87)",
                    "cursor": "pointer",
                    "display": "inline-block",
                    "fontFamily": "Roboto, sans-serif",
                    "fontSize": "inherit",
                    "fontWeight": "inherit",
                    "height": 36,
                    "lineHeight": "36px",
                    "margin": 0,
                    "minWidth": 88,
                    "msUserSelect": "none",
                    "muiPrepared": true,
                    "outline": "none",
                    "overflow": "hidden",
                    "padding": 0,
                    "position": "relative",
                    "textAlign": "center",
                    "textDecoration": "none",
                    "transition": "all 450ms cubic-bezier(0.23, 1, 0.32, 1) 0ms",
                    "userSelect": "none",
                    "verticalAlign": null,
                  }
                }
                tabIndex={0}
                type="button"
              >
                <div
                  onMouseDown={[Function]}
                  onMouseLeave={[Function]}
                  onMouseUp={[Function]}
                  onTouchEnd={[Function]}
                  onTouchStart={[Function]}
                >
                  <span
                    style={
                      Object {
                        "fontSize": 14,
                        "fontWeight": 500,
                        "letterSpacing": 0,
                        "muiPrepared": true,
                        "paddingLeft": 16,
                        "paddingRight": 16,
                        "position": "relative",
                        "textTransform": "uppercase",
                        "verticalAlign": "middle",
                      }
                    }
                  >
                    LOGIN
                  </span>
                </div>
              </button>
            </div>
            <a
              className={undefined}
              href="#"
            >
              Esqueci minha senha
            </a>
          </form>
        </div>
      </div>
    </div>
  </main>
</div>
`;
