// Jest Snapshot v1, https://goo.gl/fbAQLP

exports[`Example:  renders without crashing 1`] = `
<React.Fragment>
  <Header
    onToggleMenu={[Function]}
  />
  <WithStyles
    container={true}
    spacing={0}
  >
    <WithStyles
      className={true}
      item={true}
      md={3}
      xs={10}
    >
      <Sidebar />
    </WithStyles>
    <WithStyles
      item={true}
      md={9}
      xs={2}
    >
      <h1>
        Test
      </h1>
    </WithStyles>
  </WithStyles>
</React.Fragment>
`;
