// Jest Snapshot v1, https://goo.gl/fbAQLP

exports[`Example:  renders without crashing 1`] = `
<React.Fragment>
  <Header
    onToggleMenu={[Function]}
  />
  <WithStyles(GridWrapper)
    container={true}
    spacing={0}
  >
    <WithStyles(GridWrapper)
      item={true}
      md={2}
      xs={10}
    >
      <Sidebar />
    </WithStyles(GridWrapper)>
    <WithStyles(GridWrapper)
      item={true}
      md={10}
      xs={2}
    >
      <div
        className="undefined"
      >
        <h1>
          Test
        </h1>
        <div>
          Copyright SafeLeads
        </div>
      </div>
    </WithStyles(GridWrapper)>
  </WithStyles(GridWrapper)>
</React.Fragment>
`;
